
Running 5 tests using 5 workers

[1A[2K[1/5] [chromium] ΓÇ║ tests\core.spec.js:27:3 ΓÇ║ Core Application Layout ΓÇ║ shows heatmap controls
[1A[2K[2/5] [chromium] ΓÇ║ tests\core.spec.js:10:3 ΓÇ║ Core Application Layout ΓÇ║ loads the application and controls
[1A[2K[3/5] [chromium] ΓÇ║ tests\core.spec.js:20:3 ΓÇ║ Core Application Layout ΓÇ║ shows process types configuration
[1A[2K[4/5] [chromium] ΓÇ║ tests\drawing.spec.js:53:3 ΓÇ║ Map Interaction ΓÇ║ can set drawn polygon as site
[1A[2K[5/5] [chromium] ΓÇ║ tests\drawing.spec.js:11:3 ΓÇ║ Map Interaction ΓÇ║ can draw a site polygon
[1A[2K  5 passed (6.6s)

To open last HTML report run:
[36m[39m
[36m  npx playwright show-report[39m
[36m[39m
